// Jest Snapshot v1, https://goo.gl/fbAQLP

exports[`render no props 1`] = `
<PopPop
  closeOnOverlay={true}
  open={true}
  overlayStyle={Object {}}
  position="topCenter"
>
  <Portal>
    <Transition
      appear={true}
      enter={true}
      exit={true}
      in={true}
      mountOnEnter={false}
      onEnter={[Function]}
      onEntered={[Function]}
      onEntering={[Function]}
      onExit={[Function]}
      onExited={[Function]}
      onExiting={[Function]}
      timeout={0}
      unmountOnExit={false}
    >
      <div
        style={
          Object {
            "alignItems": "flex-start",
            "bottom": "0",
            "display": "flex",
            "justifyContent": "center",
            "left": "0",
            "opacity": 0,
            "overflowX": "hidden",
            "overflowY": "auto",
            "padding": "20px",
            "position": "fixed",
            "right": "0",
            "top": "0",
            "transition": "opacity .2s linear",
            "visibility": "visible",
            "zIndex": "1000",
          }
        }
      >
        <div
          onClick={[Function]}
          onTouchTap={[Function]}
          style={
            Object {
              "backgroundColor": "rgba(0,0,0,0.6)",
              "height": "100%",
              "left": 0,
              "position": "fixed",
              "top": 0,
              "width": "100%",
              "zIndex": 99,
            }
          }
        />
        <div
          style={
            Object {
              "backgroundColor": "white",
              "borderRadius": "3px",
              "boxShadow": "0 0 4px rgba(0,0,0,.14),0 4px 8px rgba(0,0,0,.28)",
              "maxWidth": "850px",
              "overflow": "scroll",
              "padding": "10px 20px",
              "position": "relative",
              "transition": "all 0.3s",
              "zIndex": 2000,
            }
          }
        >
          content
        </div>
      </div>
    </Transition>
  </Portal>
</PopPop>
`;
